	.text
			  # value (i, j, k) 
	.globl value
value:
	subq $24, %rsp
	movq %rdi, 4(%rsp)
	movq %rsi, 8(%rsp)
	movq %rdx, 12(%rsp)
			  #  t1 = i + j
	movl 4(%rsp), %r10d
	movl 8(%rsp), %r11d
	addq %r11, %r10
	movl %r10d, 16(%rsp)
			  #  t2 = t1 + k
	movl 16(%rsp), %r10d
	movl 12(%rsp), %r11d
	addq %r11, %r10
	movl %r10d, 20(%rsp)
			  #  return t2
	movl 20(%rsp), %eax
	addq $24, %rsp
	ret
			  # go () 
	.globl go
go:
	subq $24, %rsp
			  #  t3 = call value(1, 1, 1)
	movq $1, %rdi
	movq $1, %rsi
	movq $1, %rdx
	call value
	movl %eax, 4(%rsp)
			  #  t4 = call value(2, 2, 2)
	movq $2, %rdi
	movq $2, %rsi
	movq $2, %rdx
	call value
	movl %eax, 8(%rsp)
			  #  t5 = t3 + t4
	movl 4(%rsp), %r10d
	movl 8(%rsp), %r11d
	addq %r11, %r10
	movl %r10d, 12(%rsp)
			  #  return t5
	movl 12(%rsp), %eax
	addq $24, %rsp
	ret
			  # main () 
	.globl main
main:
	subq $12, %rsp
			  #  t6 = call go()
	call go
	movl %eax, 4(%rsp)
			  #  call printInt(t6)
	leaq .S0(%rip), %rdi
	movl 4(%rsp), %esi
	xorl %eax, %eax
	call printf
			  #  return 
	addq $12, %rsp
	ret
			  # string literals
	.data
.S0:
	.asciz "%d\n"
